----------------------------------------------------------------------------
SUMMARY-            Translator Settings
----------------------------------------------------------------------------
UNITS                                              = ENGLISH                                           
MAX_SPLINE_DEGREE                                  = 3                                                 
UGI_IMPORT_POLYLINE                                = SPLINE                                            
UGI_DIM_IMPORT_FLAG                                = GROUP                                             
FILL_MODE                                          = OFF                                               
IMPORT_ACAD_MODEL_DATA                             = YES                                               
IMPORT_ACAD_MODEL_DATA_TO                          = MODELING                                          
IMPORT_ACAD_LAYOUTS                                = YES                                               
IMPORT_ACAD_LAYOUTS_TO                             = IMPORTED_VIEW                                     
IMPORT_ACAD_BlOCKS_AS                              = NX PART                                           
CREATE_PART_FOR_EACH_BLOCK_REFERENCE               = NO                                                
IMPORT_ACAD_CURVES_ON_SKETCH                       = NO                                                
AVOID_NX_TEMPLATE_PART_LAYERS                      = YES                                               
SET_NX_LAYER_NUMBER_FROM_PREFIX                    = NO                                                
SKIP_UNREFERENCED_ACAD_LAYERS                      = YES                                               
IMPORT_UNSELECTED_ACAD_LAYERS                      = NO                                                
IMPORT_UNSELECTED_ACAD_LAYERS_TO                   = 256                                               
NON_NUMERIC_LAYER_SORTING_CRITERIA                 = ALPHABETICAL                                      
IMPORT_3D_FACES_AS                                 = JT FACETS                                         
-------------------------------End------------------------------------------

----------------------------------------------------------------------------
SUMMARY-            ACAD and NX Layer Mapping Info
----------------------------------------------------------------------------
ACAD Layer                                        NX Layer                                          
------------                                      -----------                                       
0                                                 1                                                 
-------------------------------End------------------------------------------

----------------------------------------------------------------------------
SUMMARY-            ACAD and NX Linefonts Mapping Info
----------------------------------------------------------------------------
ACAD Linefont                                     NX Linefont                                       
------------                                      -----------                                       
CONTINUOUS                                        Solid                                             
-------------------------------End------------------------------------------

----------------------------------------------------------------------------
SUMMARY-            ACAD Text Fonts And NX Text Fonts Info
----------------------------------------------------------------------------
ACAD TextFont                                     NX TextFont                                       
------------                                      -----------                                       
txt                                               Arial                                             
-------------------------------End------------------------------------------

----------------------------------------------------------------------------
SUMMARY-            ACAD and NX Hatch Pattern Mapping Info
----------------------------------------------------------------------------
ACAD Hatch Pattern                                NX Hatch Pattern                                  
------------                                      -----------                                       

-None-
-------------------------------End------------------------------------------

INFO-
INFO-		AutoCAD 2010 to Unigraphics Version NX2306.8900
INFO-		23.12
INFO-
INFO-		Running DXFTOUG Translator .....
INFO-
INFO-		Start of Translation: Tue Sep  1 21:20:40 2026
INFO-
STATUS-		Converting C:\Users\Louis\Desktop\Turbopump\MARLIN V2\Tenkara\4 - Subteams\TCA\Outputs\contour.dxf
STATUS-
SUMMARY-
SUMMARY-	Summary of AutoCAD Input Entities
SUMMARY-	For AutoCAD File: C:\Users\Louis\Desktop\Turbopump\MARLIN V2\Tenkara\4 - Subteams\TCA\Outputs\contour.dxf
SUMMARY-SUMMARY-	------------------------------------------------------------------
SUMMARY-	Entity Type					Count
SUMMARY-	------------------------------------------------------------------
SUMMARY-	Spline ...................................:	6
SUMMARY-	Layout ...................................:	1
SUMMARY-	------------------------------------------------------------------
SUMMARY-	Total ....................................:	7
SUMMARY-	------------------------------------------------------------------
SUMMARY-
STATUS-
INFO-
INFO-		Writing File: C:\Users\Louis\Desktop\Turbopump\MARLIN V2\Tenkara\4 - Subteams\TCA\Outputs\contour_dxf.prt
SUMMARY-	Summary of UG Output Entities
SUMMARY-	------------------------------------------------------------------
SUMMARY-	Entity Type					Count
SUMMARY-	------------------------------------------------------------------
SUMMARY-	Spline ...................................:	6
SUMMARY-	Group ....................................:	1
SUMMARY-	Layout ...................................:	1
SUMMARY-	------------------------------------------------------------------
SUMMARY-	Total ....................................:	8
SUMMARY-	------------------------------------------------------------------
SUMMARY-
INFO-
INFO-		End of Translation: Tue Sep  1 21:20:53 2026
INFO-		Translation CPU time: 0 m, 13 s
INFO-
